    "cmd": "sudo bash get_smart.sh",
    "downloadUrl": "http://172.31.128.1:9080/api/current/templates/get_smart.sh?nodeId=<?=nodeId?>",
    "stdout": "####/dev/sda scsi\nsmartctl 6.2 2013-07-26 r3841 [x86_64-linux-3.16.0-25-generic] (local build)\nCopyright (C) 2002-13, Bruce Allen, Christian Franke, www.smartmontools.org\n\n=== START OF INFORMATION SECTION ===\nDevice Model:     QEMU HARDDISK\nSerial Number:    QM00005\nFirmware Version: 2.5+\nUser Capacity:    17,179,869,184 bytes [17.1 GB]\nSector Size:      512 bytes logical/physical\nDevice is:        Not in smartctl database [for details use: -P showall]\nATA Version is:   ATA/ATAPI-7, ATA/ATAPI-5 published, ANSI NCITS 340-2000\nLocal Time is:    Wed Dec 28 08:55:33 2016 UTC\nSMART support is: Available - device has SMART capability.\nSMART support is: Enabled\n\n=== START OF READ SMART DATA SECTION ===\nSMART overall-health self-assessment test result: PASSED\n\nGeneral SMART Values:\nOffline data collection status:  (0x82)\tOffline data collection activity\n\t\t\t\t\twas completed without error.\n\t\t\t\t\tAuto Offline Data Collection: Enabled.\nSelf-test execution status:      (   0)\tThe previous self-test routine completed\n\t\t\t\t\twithout error or no self-test has ever \n\t\t\t\t\tbeen run.\nTotal time to complete Offline \ndata collection: \t\t(  288) seconds.\nOffline data collection\ncapabilities: \t\t\t (0x19) SMART execute Offline immediate.\n\t\t\t\t\tNo Auto Offline data collection support.\n\t\t\t\t\tSuspend Offline collection upon new\n\t\t\t\t\tcommand.\n\t\t\t\t\tOffline surface scan supported.\n\t\t\t\t\tSelf-test supported.\n\t\t\t\t\tNo Conveyance Self-test supported.\n\t\t\t\t\tNo Selective Self-test supported.\nSMART capabilities:            (0x0003)\tSaves SMART data before entering\n\t\t\t\t\tpower-saving mode.\n\t\t\t\t\tSupports SMART auto save timer.\nError logging capability:        (0x01)\tError logging supported.\n\t\t\t\t\tNo General Purpose Logging support.\nShort self-test routine \nrecommended polling time: \t (   2) minutes.\nExtended self-test routine\nrecommended polling time: \t (  54) minutes.\n\nSMART Attributes Data Structure revision number: 1\nVendor Specific SMART Attributes with Thresholds:\nID# ATTRIBUTE_NAME          FLAG     VALUE WORST THRESH TYPE      UPDATED  WHEN_FAILED RAW_VALUE\n  1 Raw_Read_Error_Rate     0x0003   100   100   006    Pre-fail  Always       -       0\n  3 Spin_Up_Time            0x0003   100   100   000    Pre-fail  Always       -       16\n  4 Start_Stop_Count        0x0002   100   100   020    Old_age   Always       -       100\n  5 Reallocated_Sector_Ct   0x0003   100   100   036    Pre-fail  Always       -       0\n  9 Power_On_Hours          0x0003   100   100   000    Pre-fail  Always       -       1\n 12 Power_Cycle_Count       0x0003   100   100   000    Pre-fail  Always       -       0\n190 Airflow_Temperature_Cel 0x0003   069   069   050    Pre-fail  Always       -       31 (Min/Max 31/31)\n\nSMART Error Log Version: 1\nNo Errors Logged\n\nSMART Self-test log structure revision number 1\nNo self-tests have been logged.  [To run self-tests, use: smartctl -t]\n\n\nSelective Self-tests/Logging not supported\n###HBA Controller Information for /dev/sda scsi\ncontroller_name= Intel Corporation 82801IR/IO/IH (ICH9R/DO/DH) 6 port SATA Controller [AHCI mode] (rev 02)\ncontroller_PCI_BDF=0000:00:04.0\nhost_ID=2\n####/dev/sdb scsi\nsmartctl 6.2 2013-07-26 r3841 [x86_64-linux-3.16.0-25-generic] (local build)\nCopyright (C) 2002-13, Bruce Allen, Christian Franke, www.smartmontools.org\n\n=== START OF INFORMATION SECTION ===\nDevice Model:     QEMU HARDDISK\nSerial Number:    QM00007\nFirmware Version: 2.5+\nUser Capacity:    17,179,869,184 bytes [17.1 GB]\nSector Size:      512 bytes logical/physical\nDevice is:        Not in smartctl database [for details use: -P showall]\nATA Version is:   ATA/ATAPI-7, ATA/ATAPI-5 published, ANSI NCITS 340-2000\nLocal Time is:    Wed Dec 28 08:55:34 2016 UTC\nSMART support is: Available - device has SMART capability.\nSMART support is: Enabled\n\n=== START OF READ SMART DATA SECTION ===\nSMART overall-health self-assessment test result: PASSED\n\nGeneral SMART Values:\nOffline data collection status:  (0x82)\tOffline data collection activity\n\t\t\t\t\twas completed without error.\n\t\t\t\t\tAuto Offline Data Collection: Enabled.\nSelf-test execution status:      (   0)\tThe previous self-test routine completed\n\t\t\t\t\twithout error or no self-test has ever \n\t\t\t\t\tbeen run.\nTotal time to complete Offline \ndata collection: \t\t(  288) seconds.\nOffline data collection\ncapabilities: \t\t\t (0x19) SMART execute Offline immediate.\n\t\t\t\t\tNo Auto Offline data collection support.\n\t\t\t\t\tSuspend Offline collection upon new\n\t\t\t\t\tcommand.\n\t\t\t\t\tOffline surface scan supported.\n\t\t\t\t\tSelf-test supported.\n\t\t\t\t\tNo Conveyance Self-test supported.\n\t\t\t\t\tNo Selective Self-test supported.\nSMART capabilities:            (0x0003)\tSaves SMART data before entering\n\t\t\t\t\tpower-saving mode.\n\t\t\t\t\tSupports SMART auto save timer.\nError logging capability:        (0x01)\tError logging supported.\n\t\t\t\t\tNo General Purpose Logging support.\nShort self-test routine \nrecommended polling time: \t (   2) minutes.\nExtended self-test routine\nrecommended polling time: \t (  54) minutes.\n\nSMART Attributes Data Structure revision number: 1\nVendor Specific SMART Attributes with Thresholds:\nID# ATTRIBUTE_NAME          FLAG     VALUE WORST THRESH TYPE      UPDATED  WHEN_FAILED RAW_VALUE\n  1 Raw_Read_Error_Rate     0x0003   100   100   006    Pre-fail  Always       -       0\n  3 Spin_Up_Time            0x0003   100   100   000    Pre-fail  Always       -       16\n  4 Start_Stop_Count        0x0002   100   100   020    Old_age   Always       -       100\n  5 Reallocated_Sector_Ct   0x0003   100   100   036    Pre-fail  Always       -       0\n  9 Power_On_Hours          0x0003   100   100   000    Pre-fail  Always       -       1\n 12 Power_Cycle_Count       0x0003   100   100   000    Pre-fail  Always       -       0\n190 Airflow_Temperature_Cel 0x0003   069   069   050    Pre-fail  Always       -       31 (Min/Max 31/31)\n\nSMART Error Log Version: 1\nNo Errors Logged\n\nSMART Self-test log structure revision number 1\nNo self-tests have been logged.  [To run self-tests, use: smartctl -t]\n\n\nSelective Self-tests/Logging not supported\n###HBA Controller Information for /dev/sdb scsi\ncontroller_name= Intel Corporation 82801IR/IO/IH (ICH9R/DO/DH) 6 port SATA Controller [AHCI mode] (rev 02)\ncontroller_PCI_BDF=0000:00:04.0\nhost_ID=3\n",
    "stderr": "",
    "error": null
